Hard resetting via RTS pin...
MONITOR
--- idf_monitor on /dev/ttyUSB0 115200 ---
--- Quit: Ctrl+] | Menu: Ctrl+T | Help: Ctrl+T followed by Ctrl+H ---
ets Jun  8 2016 00:22:57

rst:0x1 (POWERON_RESET),boot:0x13 (SPI_FAST_FLASH_BOOT)
configsip: 0, SPIWP:0xee
clk_drv:0x00,q_drv:0x00,d_drv:0x00,cs0_drv:0x00,hd_drv:0x00,wp_drv:0x00
mode:DIO, clock div:2
load:0x3fff0018,len:4
load:0x3fff001c,len:6180
load:0x40078000,len:10180
ho 0 tail 12 room 4
load:0x40080400,len:6640
entry 0x40080760
I (31) boot: ESP-IDF v3.2-dirty 2nd stage bootloader
I (31) boot: compile time 13:52:05
I (31) boot: Enabling RNG early entropy source...
I (36) boot: SPI Speed      : 40MHz
I (40) boot: SPI Mode       : DIO
I (44) boot: SPI Flash Size : 4MB
I (48) boot: Partition Table:
I (52) boot: ## Label            Usage          Type ST Offset   Length
I (59) boot:  0 nvs              WiFi data        01 02 00009000 00004000
I (66) boot:  1 otadata          OTA data         01 00 0000d000 00002000
I (74) boot:  2 phy_init         RF data          01 01 0000f000 00001000
I (81) boot:  3 factory          factory app      00 00 00010000 00100000
I (89) boot:  4 ota_0            OTA app          00 10 00110000 00100000
I (96) boot:  5 ota_1            OTA app          00 11 00210000 00100000
I (104) boot: End of partition table
I (108) boot: Defaulting to factory image
I (113) esp_image: segment 0: paddr=0x00010020 vaddr=0x3f400020 size=0x1ef60 (126816) map
I (166) esp_image: segment 1: paddr=0x0002ef88 vaddr=0x3ffb0000 size=0x01088 (  4232) load
I (168) esp_image: segment 2: paddr=0x00030018 vaddr=0x400d0018 size=0x8c2b4 (574132) map
0x400d0018: _stext at ??:?
                                                                                                                                                     
I (374) esp_image: segment 3: paddr=0x000bc2d4 vaddr=0x3ffb1088 size=0x01e9c (  7836) load
I (377) esp_image: segment 4: paddr=0x000be178 vaddr=0x40080000 size=0x00400 (  1024) load
0x40080000: _WindowOverflow4 at /home/evg/projects/esp/esp-idf/components/freertos/xtensa_vectors.S:1779
                                                                                                                                                     
I (381) esp_image: segment 5: paddr=0x000be580 vaddr=0x40080400 size=0x11f38 ( 73528) load
I (430) boot: Loaded app from partition at offset 0x10000
I (431) boot: Disabling RNG early entropy source...
I (431) cpu_start: Pro cpu up.
I (435) cpu_start: Starting app cpu, entry point is 0x4008108c
0x4008108c: call_start_cpu1 at /home/evg/projects/esp/esp-idf/components/esp32/cpu_start.c:246
                                                                                                                                                     
I (0) cpu_start: App cpu up.
I (445) heap_init: Initializing. RAM available for dynamic allocation:
I (452) heap_init: At 3FFAE6E0 len 00001920 (6 KiB): DRAM
I (458) heap_init: At 3FFB90F0 len 00026F10 (155 KiB): DRAM
I (464) heap_init: At 3FFE0440 len 00003AE0 (14 KiB): D/IRAM
I (471) heap_init: At 3FFE4350 len 0001BCB0 (111 KiB): D/IRAM
I (477) heap_init: At 40092338 len 0000DCC8 (55 KiB): IRAM
I (483) cpu_start: Pro cpu start user code
I (166) cpu_start: Starting scheduler on PRO CPU.
I (0) cpu_start: Starting scheduler on APP CPU.
I (167) POC: POC version v0.1
                                                                                                                                                     
I (167) POC: Free heap: 273324
                                                                                                                                                     
I (217) POC: ESP_WIFI_MODE_AP_STA
I (217) wifi: wifi driver task: 3ffc2ce0, prio:23, stack:3584, core=0
I (217) wifi: wifi firmware version: 9415913
I (217) wifi: config NVS flash: enabled
I (227) wifi: config nano formating: disabled
I (227) system_api: Base MAC address is not set, read default base MAC address from BLK0 of EFUSE
I (247) system_api: Base MAC address is not set, read default base MAC address from BLK0 of EFUSE
I (267) wifi: Init dynamic tx buffer num: 32
I (267) wifi: Init data frame dynamic rx buffer num: 32
I (267) wifi: Init management frame dynamic rx buffer num: 32
I (277) wifi: Init static rx buffer size: 1600
I (277) wifi: Init static rx buffer num: 10
I (277) wifi: Init dynamic rx buffer num: 32
I (407) phy: phy_version: 4008, c9ae59f, Jan 25 2019, 16:54:06, 0, 0
I (407) wifi: mode : sta (24:6f:28:de:79:94) + softAP (24:6f:28:de:79:95)
I (417) wifi: Init max length of beacon: 752/752
I (417) wifi: Init max length of beacon: 752/752
I (417) POC: STA_START event
                                                                                                                                                     
I (427) POC: wifi_init_ap_sta finished. ssid:TestAP password:nopassword
I (427) POC: Starting OTA Runner ...
I (8467) wifi: n:1 0, o:1 0, ap:1 1, sta:0 0, prof:1
I (8467) wifi: station: 70:70:0d:cc:70:23 join, AID=1, bgn, 20
I (8487) POC: station:70:70:0d:cc:70:23 join, AID=1
I (8487) POC: Starting server on address: port: '80'
I (8487) POC: Registering URI handlers
I (8557) tcpip_adapter: softAP assign IP to station,IP is: 192.168.4.2
I (12767) POC: Connecting to AP [PYUR C5A10] ...
I (15597) wifi: n:1 1, o:1 0, ap:1 1, sta:1 0, prof:1
I (16587) wifi: state: init -> auth (b0)
I (16597) wifi: state: auth -> assoc (0)
I (16607) wifi: state: assoc -> run (10)
I (16747) wifi: connected with PYUR C5A10, channel 1
I (16757) wifi: pm start, type: 1

I (17967) UART: : Received: t
I (18187) UART: : Received: g
I (18317) UART: : Received: g
I (18447) UART: : Received: g
I (18797) UART: : Received: g
I (18957) UART: : Received: f
I (19077) UART: : Received: f
I (19257) UART: : Received: f
I (19737) event: sta ip: 192.168.0.6, mask: 255.255.255.0, gw: 192.168.0.1
I (19737) POC: got ip:192.168.0.6
I (19737) POC: Connected to WiFi STA AP! Connecting to OTA server....
I (19747) POC: Free heap: 209248
                                                                                                                                                     
I (20227) UART: : Received: d
I (20257) UART: : Received: f
I (20337) UART: : Received: v
I (20407) UART: : Received: d
I (20437) UART: : Received: f
I (20497) UART: : Received: g
I (20597) UART: : Received: d
I (20607) UART: : Received: f
I (20687) UART: : Received: g
I (20767) UART: : Received: d
I (20777) UART: : Received: f
I (20847) UART: : Received: g
I (20897) esp_https_ota: Starting OTA...
I (20897) esp_https_ota: Writing to partition subtype 16 at offset 0x110000
I (21597) UART: : Received: d
I (21597) UART: : Received: g
I (21597) UART: : Received: d
I (21597) UART: : Received: f
I (21597) UART: : Received: g
I (22167) esp_https_ota: esp_ota_begin succeeded
I (22177) UART: : Received: d
I (22177) UART: : Received: f
I (22177) esp_https_ota: Please Wait. This may take time
I (22177) UART: : Received: g
I (22187) UART: : Received: d
I (22187) UART: : Received: f
I (22197) UART: : Received: d
I (22217) UART: : Received: g
I (22217) UART: : Received: d
I (22217) UART: : Received: g
I (23347) UART: : Received: d
I (23447) UART: : Received: g
I (23737) UART: : Received: g
I (23847) UART: : Received: g
I (23967) UART: : Received: g
I (24107) UART: : Received: g
I (28337) UART: : Received: 4
I (28617) UART: : Received: 3
I (28847) esp_https_ota: Connection closed,all data received
I (28847) esp_image: segment 0: paddr=0x00110020 vaddr=0x3f400020 size=0x1eca8 (126120) map
I (28857) UART: : Received: 2
I (28957) esp_image: segment 1: paddr=0x0012ecd0 vaddr=0x3ffb0000 size=0x01340 (  4928) 
I (28957) esp_image: segment 2: paddr=0x00130018 vaddr=0x400d0018 size=0x8a76c (567148) map
0x400d0018: _stext at ??:?
                                                                                                                                                     
I (29387) esp_image: segment 3: paddr=0x001ba78c vaddr=0x3ffb1340 size=0x01be0 (  7136) 
I (29397) esp_image: segment 4: paddr=0x001bc374 vaddr=0x40080000 size=0x00400 (  1024) 
0x40080000: _WindowOverflow4 at /home/evg/projects/esp/esp-idf/components/freertos/xtensa_vectors.S:1779
                                                                                                                                                     
I (29407) esp_image: segment 5: paddr=0x001bc77c vaddr=0x40080400 size=0x11318 ( 70424) 
I (29467) esp_image: segment 0: paddr=0x00110020 vaddr=0x3f400020 size=0x1eca8 (126120) map
I (29567) esp_image: segment 1: paddr=0x0012ecd0 vaddr=0x3ffb0000 size=0x01340 (  4928) 
I (29577) esp_image: segment 2: paddr=0x00130018 vaddr=0x400d0018 size=0x8a76c (567148) map
0x400d0018: _stext at ??:?
                                                                                                                                                     
I (29997) esp_image: segment 3: paddr=0x001ba78c vaddr=0x3ffb1340 size=0x01be0 (  7136) 
I (30007) esp_image: segment 4: paddr=0x001bc374 vaddr=0x40080000 size=0x00400 (  1024) 
0x40080000: _WindowOverflow4 at /home/evg/projects/esp/esp-idf/components/freertos/xtensa_vectors.S:1779
                                                                                                                                                     
I (30007) esp_image: segment 5: paddr=0x001bc77c vaddr=0x40080400 size=0x11318 ( 70424) 
I (30077) esp_https_ota: esp_ota_set_boot_partition succeeded
I (30077) wifi: state: run -> init (0)
I (30077) wifi: pm stop, total sleep time: 4959310 us / 15780036 us

I (30077) wifi: n:1 0, o:1 1, ap:1 1, sta:1 0, prof:1
I (30097) wifi: station: 70:70:0d:cc:70:23 leave, AID = 1, bss_flags is 134259
I (30097) wifi: n:1 0, o:1 0, ap:1 1, sta:1 0, prof:1
I (30107) wifi: ieee80211_send_beacon mode switch cause ap destroyed
I (30127) wifi: flush txq
I (30127) wifi: stop sw txq
I (30127) wifi: lmac stop hw txq
ets Jun  8 2016 00:22:57

rst:0xc (SW_CPU_RESET),boot:0x13 (SPI_FAST_FLASH_BOOT)
configsip: 0, SPIWP:0xee
clk_drv:0x00,q_drv:0x00,d_drv:0x00,cs0_drv:0x00,hd_drv:0x00,wp_drv:0x00
mode:DIO, clock div:2
load:0x3fff0018,len:4
load:0x3fff001c,len:6180
load:0x40078000,len:10180
ho 0 tail 12 room 4
load:0x40080400,len:6640
entry 0x40080760
I (31) boot: ESP-IDF v3.2-dirty 2nd stage bootloader
I (31) boot: compile time 13:52:05
I (31) boot: Enabling RNG early entropy source...
I (36) boot: SPI Speed      : 40MHz
I (40) boot: SPI Mode       : DIO
I (44) boot: SPI Flash Size : 4MB
I (48) boot: Partition Table:
I (52) boot: ## Label            Usage          Type ST Offset   Length
I (59) boot:  0 nvs              WiFi data        01 02 00009000 00004000
I (66) boot:  1 otadata          OTA data         01 00 0000d000 00002000
I (74) boot:  2 phy_init         RF data          01 01 0000f000 00001000
I (81) boot:  3 factory          factory app      00 00 00010000 00100000
I (89) boot:  4 ota_0            OTA app          00 10 00110000 00100000
I (96) boot:  5 ota_1            OTA app          00 11 00210000 00100000
I (104) boot: End of partition table
I (108) esp_image: segment 0: paddr=0x00110020 vaddr=0x3f400020 size=0x1eca8 (126120) map
I (161) esp_image: segment 1: paddr=0x0012ecd0 vaddr=0x3ffb0000 size=0x01340 (  4928) load
I (163) esp_image: segment 2: paddr=0x00130018 vaddr=0x400d0018 size=0x8a76c (567148) map
0x400d0018: _stext at ??:?
                                                                                                                                                     
I (366) esp_image: segment 3: paddr=0x001ba78c vaddr=0x3ffb1340 size=0x01be0 (  7136) load
I (369) esp_image: segment 4: paddr=0x001bc374 vaddr=0x40080000 size=0x00400 (  1024) load
0x40080000: _WindowOverflow4 at /home/evg/projects/esp/esp-idf/components/freertos/xtensa_vectors.S:1779
                                                                                                                                                     
I (373) esp_image: segment 5: paddr=0x001bc77c vaddr=0x40080400 size=0x11318 ( 70424) load
I (421) boot: Loaded app from partition at offset 0x110000
I (422) boot: Disabling RNG early entropy source...
I (422) cpu_start: Pro cpu up.
I (426) cpu_start: Starting app cpu, entry point is 0x40081018
0x40081018: start_cpu0_default at /home/evg/projects/esp/esp-idf/components/esp32/cpu_start.c:389
                                                                                                                                                     
I (417) cpu_start: App cpu up.
I (436) heap_init: Initializing. RAM available for dynamic allocation:
I (443) heap_init: At 3FFAE6E0 len 00001920 (6 KiB): DRAM
I (449) heap_init: At 3FFB90F0 len 00026F10 (155 KiB): DRAM
I (455) heap_init: At 3FFE0440 len 00003AE0 (14 KiB): D/IRAM
I (462) heap_init: At 3FFE4350 len 0001BCB0 (111 KiB): D/IRAM
I (468) heap_init: At 40091718 len 0000E8E8 (58 KiB): IRAM
I (474) cpu_start: Pro cpu start user code
I (157) cpu_start: Starting scheduler on PRO CPU.
I (0) cpu_start: Starting scheduler on APP CPU.
I (159) POC: POC version v0.2
                                                                                                                                                     
I (199) POC: ESP_WIFI_MODE_AP_STA
I (209) wifi: wifi driver task: 3ffc0db0, prio:23, stack:3584, core=0
I (209) wifi: wifi firmware version: 9415913
I (209) wifi: config NVS flash: enabled
I (209) wifi: config nano formating: disabled
I (209) system_api: Base MAC address is not set, read default base MAC address from BLK0 of EFUSE
I (219) system_api: Base MAC address is not set, read default base MAC address from BLK0 of EFUSE
I (249) wifi: Init dynamic tx buffer num: 32
I (249) wifi: Init data frame dynamic rx buffer num: 32
I (249) wifi: Init management frame dynamic rx buffer num: 32
I (259) wifi: Init static rx buffer size: 1600
I (259) wifi: Init static rx buffer num: 10
I (269) wifi: Init dynamic rx buffer num: 32
I (339) phy: phy_version: 4008, c9ae59f, Jan 25 2019, 16:54:06, 0, 0
I (349) wifi: mode : sta (24:6f:28:de:79:94) + softAP (24:6f:28:de:79:95)
I (349) wifi: Init max length of beacon: 752/752
I (349) wifi: Init max length of beacon: 752/752
I (359) POC: wifi_init_ap_sta finished. ssid:TestAP password:nopassword
I (359) POC: STA_START event
                                                                                                                                                     
I (369) POC: Starting OTA Runner ...
I (399) wifi: n:1 0, o:1 0, ap:1 1, sta:0 0, prof:1
I (399) wifi: station: 70:70:0d:cc:70:23 join, AID=1, bgn, 20
I (429) POC: station:70:70:0d:cc:70:23 join, AID=1
I (429) POC: Starting server on address: port: '80'
I (439) POC: Registering URI handlers
